src/components/call/callInfo.tsx(91,17): error TS2345: Argument of type 'string | null' is not assignable to parameter of type 'SetStateAction<string>'.
  Type 'null' is not assignable to type 'SetStateAction<string>'.
src/components/dashboard/interview/editInterview.tsx(119,9): error TS2345: Argument of type '{ objective: string; questions: Question[]; interviewer_id: number; question_count: number; time_duration: number; description: string; is_anonymous: boolean; }' is not assignable to parameter of type 'Partial<Interview>'.
  Types of property 'interviewer_id' are incompatible.
    Type 'number' is not assignable to type 'bigint'.
